// Jest Snapshot v1, https://goo.gl/fbAQLP

exports[`Test <ProgressBar /> Check snapshot component 1`] = `
<div>
  <div
    class="progress"
  >
    <div
      aria-valuemax="100"
      aria-valuemin="0"
      aria-valuenow="0"
      class="progress-bar progress-bar-animated progress-bar-striped"
      role="progressbar"
      style="width: 0%;"
    />
  </div>
</div>
`;
