// Jest Snapshot v1, https://goo.gl/fbAQLP

exports[`Test <HomePage /> Check snapshot component page 1`] = `
<div>
  <div
    class="container-home container-fluid"
  >
    <h1
      class="profile"
    >
      Create a profile or resume your game
    </h1>
    <img
      class="login-user rounded-circle"
      src="assets/user.png"
    />
    <div
      class="col-md-5 mx-auto m-4 vstack gap-2"
    >
      <form
        class="form"
      >
        <div
          class="mb-3 form-floating"
        >
          <input
            class="form-input form-control"
            maxlength="12"
            placeholder="Name"
            type="text"
          />
          <div
            class="invalid-feedback"
          />
          <label
            for="floatingInputCustom"
          >
            Enter a name
          </label>
        </div>
        <button
          class="form-button btn btn-primary"
          type="submit"
        >
          Start
        </button>
      </form>
    </div>
  </div>
  <button
    class="button-score-table btn btn-info btn-lg"
    type="button"
  >
    Score Table
  </button>
</div>
`;
