// Jest Snapshot v1, https://goo.gl/fbAQLP

exports[`Test <ScoreTablePage /> Check snapshot component 1`] = `
<div>
  <h1
    class="score-table-page-title"
  >
    Hall of Fame
  </h1>
  <div
    class="table"
  >
    <div
      class="row"
    >
      <div
        class="col"
      >
        <table
          class="table table table-sm table-striped table-bordered"
        >
          <thead>
            <tr>
              <th>
                #
              </th>
              <th>
                Username
              </th>
              <th>
                Points
              </th>
            </tr>
          </thead>
          <tbody>
            <tr>
              <td>
                EMPTY LIST
              </td>
            </tr>
          </tbody>
        </table>
      </div>
    </div>
  </div>
  <button
    class="button-back btn btn-dark btn-lg"
    type="button"
  >
    Exit
  </button>
</div>
`;
