// Jest Snapshot v1, https://goo.gl/fbAQLP

exports[`Test <LoadingPage /> Check snapshot component 1`] = `
<div>
  <div
    class="container-loading"
  >
    <div
      class="row p-4"
    >
      <h1
        class="title"
      >
        Welcome to 
        <br />
        Â¡Rock Paper Scissors Shoot!
      </h1>
      <img
        class="loading-image rounded-circle"
        src="assets/loading-background.png"
      />
      <div
        class="progress"
      >
        <div
          aria-valuemax="100"
          aria-valuemin="0"
          aria-valuenow="0"
          class="progress-bar progress-bar-animated progress-bar-striped"
          role="progressbar"
          style="width: 0%;"
        />
      </div>
    </div>
  </div>
</div>
`;
