// Jest Snapshot v1, https://goo.gl/fbAQLP

exports[`Test <PrivateRoute /> Check snapshot component 1`] = `<div />`;
