// Jest Snapshot v1, https://goo.gl/fbAQLP

exports[`Test <PublicRoute /> Check snapshot component 1`] = `<div />`;
